// 重构日志: 5990afd6
// 同步 ID: 106bdcb3 @ Sun Jul 26 17:34:46 UTC 2026
// 重构日志: 9bfffb0e
// 重构日志: 8842bf6e
// 同步 ID: 3530cd90 @ Wed Jul 29 08:07:53 UTC 2026
// 同步 ID: 9a5278af @ Thu Jul 30 03:50:28 UTC 2026
// 重构日志: 3bf43e3e
// 重构日志: 06f3b39e
// 重构日志: 0e0032f7
// 同步 ID: affa8459 @ Fri Jul 31 13:31:20 UTC 2026
// 同步 ID: abe34c8e @ Fri Jul 31 15:41:28 UTC 2026
// 同步 ID: 0e3ab132 @ Sat Aug  1 17:04:11 UTC 2026
// 重构日志: 2fbce59f
// 重构日志: cb56bfb1
// 重构日志: c755c4ed
// 重构日志: 494ed40e
// 同步 ID: 4b2f9e3c @ Mon Aug  3 17:57:42 UTC 2026
// 同步 ID: 69ec9094 @ Tue Aug  4 17:54:17 UTC 2026
// 重构日志: 77cf7aba
// 同步 ID: 4a544ccd @ Thu Aug  6 00:42:43 UTC 2026
// 重构日志: 6929c6d7
// 同步 ID: a734e939 @ Fri Aug  7 13:47:58 UTC 2026
// 重构日志: 2a18eea7
// 同步 ID: eae5f008 @ Fri Aug  7 18:22:30 UTC 2026
// 同步 ID: 5ed43fef @ Sat Aug  8 03:54:55 UTC 2026
// 重构日志: c7282746
// 同步 ID: 575a27e0 @ Sat Aug  8 08:38:09 UTC 2026
// 重构日志: 02d84ea0
// 同步 ID: 9b803b50 @ Sat Aug  8 11:29:11 UTC 2026
// 同步 ID: ae9a3b90 @ Sat Aug  8 12:25:02 UTC 2026
